WOOF-SUPPRESS-THROWING-GENERIC | Warning | (8,17--8,74) | ConfigureAwaitOptions.SuppressThrowing is not supported with Task<TResult> or ValueTask<TResult> as it may lead to returning an invalid TResult. Cast to non-generic Task before calling ConfigureAwait: (t :> Task).ConfigureAwait(ConfigureAwaitOptions.SuppressThrowing)
WOOF-SUPPRESS-THROWING-GENERIC | Warning | (17,12--20,13) | ConfigureAwaitOptions.SuppressThrowing is not supported with Task<TResult> or ValueTask<TResult> as it may lead to returning an invalid TResult. Cast to non-generic Task before calling ConfigureAwait: (t :> Task).ConfigureAwait(ConfigureAwaitOptions.SuppressThrowing)
WOOF-SUPPRESS-THROWING-GENERIC | Warning | (27,17--27,94) | ConfigureAwaitOptions.SuppressThrowing is not supported with Task<TResult> or ValueTask<TResult> as it may lead to returning an invalid TResult. Cast to non-generic Task before calling ConfigureAwait: (t :> Task).ConfigureAwait(ConfigureAwaitOptions.SuppressThrowing)
