WOOF-TCS-ASYNC | Warning | (6,14--6,42) | TaskCompletionSource<T> created without TaskCreationOptions.RunContinuationsAsynchronously. This can cause continuations to run inline on the calling thread, leading to deadlocks, thread-pool starvation, and corruption of state. Always use: new TaskCompletionSource<T>(TaskCreationOptions.RunContinuationsAsynchronously). Suppress with comment including text 'TaskCompletionSource without RunContinuationsAsynchronously allowed'.
WOOF-TCS-ASYNC | Warning | (11,14--11,50) | TaskCompletionSource<T> created without TaskCreationOptions.RunContinuationsAsynchronously. This can cause continuations to run inline on the calling thread, leading to deadlocks, thread-pool starvation, and corruption of state. Always use: new TaskCompletionSource<T>(TaskCreationOptions.RunContinuationsAsynchronously). Suppress with comment including text 'TaskCompletionSource without RunContinuationsAsynchronously allowed'.
WOOF-TCS-ASYNC | Warning | (16,15--16,43) | TaskCompletionSource<T> created without TaskCreationOptions.RunContinuationsAsynchronously. This can cause continuations to run inline on the calling thread, leading to deadlocks, thread-pool starvation, and corruption of state. Always use: new TaskCompletionSource<T>(TaskCreationOptions.RunContinuationsAsynchronously). Suppress with comment including text 'TaskCompletionSource without RunContinuationsAsynchronously allowed'.
WOOF-TCS-ASYNC | Warning | (17,15--17,46) | TaskCompletionSource<T> created without TaskCreationOptions.RunContinuationsAsynchronously. This can cause continuations to run inline on the calling thread, leading to deadlocks, thread-pool starvation, and corruption of state. Always use: new TaskCompletionSource<T>(TaskCreationOptions.RunContinuationsAsynchronously). Suppress with comment including text 'TaskCompletionSource without RunContinuationsAsynchronously allowed'.
