WOOF-TCS-ASYNC | Warning | (7,8--13,9) | TaskCompletionSource<T> created without TaskCreationOptions.RunContinuationsAsynchronously. This can cause continuations to run inline on the calling thread, leading to deadlocks, thread-pool starvation, and corruption of state. Always use: new TaskCompletionSource<T>(TaskCreationOptions.RunContinuationsAsynchronously).
WOOF-TCS-ASYNC | Warning | (20,8--25,9) | TaskCompletionSource<T> created without TaskCreationOptions.RunContinuationsAsynchronously. This can cause continuations to run inline on the calling thread, leading to deadlocks, thread-pool starvation, and corruption of state. Always use: new TaskCompletionSource<T>(TaskCreationOptions.RunContinuationsAsynchronously).
