WOOF-RETURN-BANG-ONLY | Info | (14,45--14,51) | Computation expression consists only of 'return!'. This is likely unnecessary indirection - consider using the inner value directly. While this can introduce laziness through the builder's Delay method, this is usually a code smell and the computation expression can be removed.
WOOF-RETURN-BANG-ONLY | Info | (17,44--17,50) | Computation expression consists only of 'return!'. This is likely unnecessary indirection - consider using the inner value directly. While this can introduce laziness through the builder's Delay method, this is usually a code smell and the computation expression can be removed.
