WOOF-EARLY-RETURN | Warning | (5,8--8,21) | Early return in computation expression: 'return' does not cause early exit. Code after this control flow will still execute. Consider restructuring to use if-then-else or match expressions that cover all cases.
WOOF-EARLY-RETURN | Warning | (6,19--6,21) | Early return in computation expression: 'return' does not cause early exit. Code after this control flow will still execute. Consider restructuring to use if-then-else or match expressions that cover all cases.
