WOOF-THROWING-DISPOSE | Warning | (8,12--8,62) | Throwing exception with 'raise' in Dispose method is an anti-pattern. Exceptions thrown from Dispose can cause issues in 'using' blocks, finalizers, and disposal chains. Consider catching and logging the exception instead of rethrowing it.
WOOF-THROWING-DISPOSE | Warning | (16,16--16,66) | Throwing exception with 'raise' in Dispose method is an anti-pattern. Exceptions thrown from Dispose can cause issues in 'using' blocks, finalizers, and disposal chains. Consider catching and logging the exception instead of rethrowing it.
WOOF-THROWING-DISPOSE | Warning | (22,33--22,56) | Throwing exception with 'raise' in Dispose method is an anti-pattern. Exceptions thrown from Dispose can cause issues in 'using' blocks, finalizers, and disposal chains. Consider catching and logging the exception instead of rethrowing it.
