WOOF-THROWING-IN-DISPOSE | Warning | (11,16--11,84) | Throwing exception with 'raise' in Dispose method is an anti-pattern. Exceptions thrown from Dispose can cause issues in 'using' blocks, finalizers, and disposal chains. Consider catching and logging the exception instead of rethrowing it.
WOOF-THROWING-IN-DISPOSE | Warning | (26,16--26,86) | Throwing exception with 'raise' in Dispose method is an anti-pattern. Exceptions thrown from Dispose can cause issues in 'using' blocks, finalizers, and disposal chains. Consider catching and logging the exception instead of rethrowing it.
