WOOF-THROWING-IN-DISPOSE | Warning | (8,12--8,56) | Throwing exception with 'invalidOp' in Dispose method is an anti-pattern. Exceptions thrown from Dispose can cause issues in 'using' blocks, finalizers, and disposal chains. Consider catching and logging the exception instead of rethrowing it.
WOOF-THROWING-IN-DISPOSE | Warning | (13,12--13,64) | Throwing exception with 'invalidArg' in Dispose method is an anti-pattern. Exceptions thrown from Dispose can cause issues in 'using' blocks, finalizers, and disposal chains. Consider catching and logging the exception instead of rethrowing it.
WOOF-THROWING-IN-DISPOSE | Warning | (17,33--17,48) | Throwing exception with 'nullArg' in Dispose method is an anti-pattern. Exceptions thrown from Dispose can cause issues in 'using' blocks, finalizers, and disposal chains. Consider catching and logging the exception instead of rethrowing it.
