WOOF-MISSING-CT | Info | (20,17--20,47) | Method 'ArrayService.FetchAsync' returns a Task but is called without a CancellationToken. An overload exists that accepts a CancellationToken. Consider using the overload to enable proper cancellation.
WOOF-MISSING-CT | Info | (21,12--21,47) | Method 'ArrayService.ProcessAsync' returns a Task but is called without a CancellationToken. An overload exists that accepts a CancellationToken. Consider using the overload to enable proper cancellation.
